⏳ Attempting MongoDB Atlas connection...
⚠️  MongoDB Connection Failed - Using IN-MEMORY DATABASE
   Error: querySrv ECONNREFUSED _mongodb._tcp.tomar.bllqvnm.mongodb.net
